------ replace Text-int--table-[-TABSIZE-]-;
------ replace Text-max-(-2-,-3-)-
------ replace Text-3
------ replace Text-2
------ replace Text-3
------ replace Text-2
