------ replace Text-foo--qux
------ replace Text-foo--qux
------ replace Text-foo--qux-
