------ replace Text-join-(-x-,--y-)-
------ replace Text-y
------ replace Text-x
------ replace Text-x--hash_hash--y
