------ replace Text-a
------ replace Text-c
------ replace Text-g-
