------ replace Text-f-(-y-+-1-)--+--f-(-f-(-z-)-)--%--t-(-t-(-g-)-(-0-)--+--t-)-(-1-)-;-g-(-x-+-(-3-,-4-)---w-)--|--h--5-)--&--m--(-f-)-^-m-(-m-)-;-p-(-)--i-[-q-(-)-]--=--{--q-(-1-)-,--r-(-2-,-3-)-,--r-(-4-,-)-,--r-(-,-5-)-,--r-(-,-)--}-;-char--c-[-2-]-[-6-]--=--{--str-(-hello-)-,--str-(-)--}-;-
------ replace Text-y-+-1
------ replace Text-f-(-z-)
------ replace Text-z
------ replace Text-t-(-g-)-(-0-)--+--t
------ replace Text-g
------ replace Text-0
------ replace Text-x-+-(-3-,-4-)---w
------ replace Text-~--5
------ replace Text-f
------ replace Text-w
------ replace Text-m
------ replace Text
------ replace Text-1
