( , 1 , - , 1 , ) , .
( , 1 ,  , - ,  , 1 , ) , .
1 ,  , - ,  , 1 , .
ERROR: Bad define syntax
