------ replace Text-debug-(-1-,--2-)-;-fputs-(-str-(-strncmp-(-"abc\0d"-,--"abc"-,--'\4'-)---==--0-)--str-(-:--@-\-n-)-,--s-)-;-include--xstr-(-INCFILE-(-2-)-.-h-)-glue-(-HIGH-,--LOW-)-;-xglue-(-HIGH-,--LOW-)-
------ replace Text-INCFILE-(-2-)-.-h
------ replace Text-LOW
------ replace Text-HIGH
