------ replace Text-f-(-f-(-x-)-)-
------ replace Text-f-(-x-)
------ replace Text-x
------ replace Text-x
------ replace Text-1--2--f-(-x-)
