------ replace Text-g-(-f-)-(-g-)-(-3-)-
------ replace Text-f
------ replace Text-g
