------ replace Text-123--foo--bar--baz-
literal 123 int 7B000000
identifier foo
identifier bar
identifier baz
eof
