------ replace Text--1
------ replace Text--foo--bar--baz
ERROR: Bad ctrli-expr, extra tokens
