------ replace Text--0
------ replace Text-ok
------ replace Text-
identifier ok
eof
