------ replace Text-foo--qux
------ replace Text-foo--qux
------ replace Text-foo--qux-
identifier bar
identifier quux
identifier foo
identifier quux
identifier foo
identifier qux
eof
