------ replace Text--1
------ replace Text-"bad-include.h"
------ replace Text--1
ERROR: Expect endif directives
