------ replace Text--0
------ replace Text-foo-
identifier baz
eof
