identifier The
identifier quick
identifier brown
identifier fox
identifier The
identifier quick
identifier brown
identifier fox
eof
