literal 7 int 07000000
literal 15 int 0F000000
eof
