------ replace Text-a-
literal 2 int 02000000
eof
