------ replace Text-f-(-g-(-x-)-)-
------ replace Text-g-(-x-)
------ replace Text-x
------ replace Text-x
identifier x
eof
