( , 1 , - , 1 , ) , .
( , 0 , ) , .
0 , .
ERROR: Bad define syntax
