------ replace Text-f-(-f-(-x-)-)-
------ replace Text-f-(-x-)
------ replace Text-x
------ replace Text-x
------ replace Text-1--2--f-(-x-)
literal 1 int 01000000
literal 2 int 02000000
identifier f
simple ( OP_LPAREN
literal 1 int 01000000
literal 2 int 02000000
identifier f
simple ( OP_LPAREN
identifier x
simple ) OP_RPAREN
simple ) OP_RPAREN
eof
