eof
  entering... translation-unit
MATCHED: PT_ST_EOF to 
  leaving... translation-unit
