simple int KW_INT
identifier main
simple ( OP_LPAREN
simple ) OP_RPAREN
simple { OP_LBRACE
simple ( OP_LPAREN
simple int KW_INT
simple ) OP_RPAREN
identifier x
simple ; OP_SEMICOLON
simple ( OP_LPAREN
identifier C
simple ) OP_RPAREN
identifier x
simple ; OP_SEMICOLON
simple ( OP_LPAREN
simple int KW_INT
simple * OP_STAR
simple ) OP_RPAREN
identifier x
simple ; OP_SEMICOLON
simple } OP_RBRACE
eof
  entering... translation-unit
    entering... declaration
BACKTO :int
BACKTO :int
BACKTO :int
BACKTO :int
BACKTO :int
BACKTO :int
BACKTO :int
      entering... function-definition
        entering... decl-specifier-seq
          entering... decl-specifier
BACKTO :int
BACKTO :int
BACKTO :int
BACKTO :int
            entering... type-specifier
BACKTO :int
BACKTO :int
              entering... trailing-type-specifier
BACKTO :int
BACKTO :int
BACKTO :int
                entering... simple-type-specifier
BACKTO :int
BACKTO :int
BACKTO :int
BACKTO :int
BACKTO :int
BACKTO :int
BACKTO :int
BACKTO :int
BACKTO :int
BACKTO :int
BACKTO :int
BACKTO :int
BACKTO :int
MATCHED: KW_INT to int
                leaving... simple-type-specifier
              leaving... trailing-type-specifier
            leaving... type-specifier
          leaving... decl-specifier
        leaving... decl-specifier-seq
        entering... declarator
          entering... noptr-declarator
            entering... noptr-declarator-root
BACKTO :main
              entering... declarator-id
                entering... id-expression
BACKTO :main
                  entering... unqualified-id
BACKTO :main
BACKTO :main
BACKTO :main
BACKTO :main
BACKTO :main
BACKTO :main
MATCHED: PT_TT_IDENTIFIER to main
                  leaving... unqualified-id
                leaving... id-expression
              leaving... declarator-id
            leaving... noptr-declarator-root
            entering... noptr-declarator-suffix
BACKTO :(
              entering... parameters-and-qualifiers
MATCHED: OP_LPAREN to (
MATCHED: OP_RPAREN to )
              leaving... parameters-and-qualifiers
            leaving... noptr-declarator-suffix
BACKTO :{
          leaving... noptr-declarator
BACKTO :main
          entering... ptr-declarator
            entering... noptr-declarator
              entering... noptr-declarator-root
BACKTO :main
                entering... declarator-id
                  entering... id-expression
BACKTO :main
                    entering... unqualified-id
BACKTO :main
BACKTO :main
BACKTO :main
BACKTO :main
BACKTO :main
BACKTO :main
MATCHED: PT_TT_IDENTIFIER to main
                    leaving... unqualified-id
                  leaving... id-expression
                leaving... declarator-id
              leaving... noptr-declarator-root
              entering... noptr-declarator-suffix
BACKTO :(
                entering... parameters-and-qualifiers
MATCHED: OP_LPAREN to (
MATCHED: OP_RPAREN to )
                leaving... parameters-and-qualifiers
              leaving... noptr-declarator-suffix
BACKTO :{
            leaving... noptr-declarator
          leaving... ptr-declarator
        leaving... declarator
        entering... function-body
BACKTO :{
BACKTO :{
          entering... compound-statement
MATCHED: OP_LBRACE to {
            entering... statement
BACKTO :(
BACKTO :(
BACKTO :(
BACKTO :(
BACKTO :(
              entering... expression-statement
                entering... expression
                  entering... assignment-expression
                    entering... logical-or-expression
                      entering... logical-and-expression
                        entering... inclusive-or-expression
                          entering... exclusive-or-expression
                            entering... and-expression
                              entering... equality-expression
                                entering... relational-expression
                                  entering... shift-expression
                                    entering... additive-expression
                                      entering... multiplicative-expression
                                        entering... pm-expression
                                          entering... cast-expression
                                            entering... cast-operator
MATCHED: OP_LPAREN to (
                                              entering... type-id
                                                entering... type-specifier-seq
                                                  entering... type-specifier
BACKTO :int
BACKTO :int
                                                    entering... trailing-type-specifier
BACKTO :int
BACKTO :int
BACKTO :int
                                                      entering... simple-type-specifier
BACKTO :int
BACKTO :int
BACKTO :int
BACKTO :int
BACKTO :int
BACKTO :int
BACKTO :int
BACKTO :int
BACKTO :int
BACKTO :int
BACKTO :int
BACKTO :int
BACKTO :int
MATCHED: KW_INT to int
                                                      leaving... simple-type-specifier
                                                    leaving... trailing-type-specifier
                                                  leaving... type-specifier
                                                leaving... type-specifier-seq
                                              leaving... type-id
MATCHED: OP_RPAREN to )
                                            leaving... cast-operator
                                            entering... cast-expression
BACKTO :x
                                              entering... unary-expression
BACKTO :x
BACKTO :x
BACKTO :x
BACKTO :x
BACKTO :x
BACKTO :x
BACKTO :x
BACKTO :x
                                                entering... postfix-expression
                                                  entering... postfix-root
BACKTO :x
BACKTO :x
BACKTO :x
BACKTO :x
BACKTO :x
BACKTO :x
BACKTO :x
BACKTO :x
BACKTO :x
BACKTO :x
                                                    entering... primary-expression
BACKTO :x
BACKTO :x
                                                      entering... id-expression
BACKTO :x
                                                        entering... unqualified-id
BACKTO :x
BACKTO :x
BACKTO :x
BACKTO :x
BACKTO :x
BACKTO :x
MATCHED: PT_TT_IDENTIFIER to x
                                                        leaving... unqualified-id
                                                      leaving... id-expression
                                                    leaving... primary-expression
                                                  leaving... postfix-root
                                                leaving... postfix-expression
                                              leaving... unary-expression
                                            leaving... cast-expression
                                          leaving... cast-expression
BACKTO :;
                                        leaving... pm-expression
BACKTO :;
                                      leaving... multiplicative-expression
BACKTO :;
                                    leaving... additive-expression
BACKTO :;
                                  leaving... shift-expression
BACKTO :;
                                leaving... relational-expression
BACKTO :;
                              leaving... equality-expression
BACKTO :;
                            leaving... and-expression
BACKTO :;
                          leaving... exclusive-or-expression
BACKTO :;
                        leaving... inclusive-or-expression
BACKTO :;
                      leaving... logical-and-expression
BACKTO :;
                    leaving... logical-or-expression
BACKTO :(
BACKTO :(
                    entering... conditional-expression
                      entering... logical-or-expression
                        entering... logical-and-expression
                          entering... inclusive-or-expression
                            entering... exclusive-or-expression
                              entering... and-expression
                                entering... equality-expression
                                  entering... relational-expression
                                    entering... shift-expression
                                      entering... additive-expression
                                        entering... multiplicative-expression
                                          entering... pm-expression
                                            entering... cast-expression
                                              entering... cast-operator
MATCHED: OP_LPAREN to (
                                                entering... type-id
                                                  entering... type-specifier-seq
                                                    entering... type-specifier
BACKTO :int
BACKTO :int
                                                      entering... trailing-type-specifier
BACKTO :int
BACKTO :int
BACKTO :int
                                                        entering... simple-type-specifier
BACKTO :int
BACKTO :int
BACKTO :int
BACKTO :int
BACKTO :int
BACKTO :int
BACKTO :int
BACKTO :int
BACKTO :int
BACKTO :int
BACKTO :int
BACKTO :int
BACKTO :int
MATCHED: KW_INT to int
                                                        leaving... simple-type-specifier
                                                      leaving... trailing-type-specifier
                                                    leaving... type-specifier
                                                  leaving... type-specifier-seq
                                                leaving... type-id
MATCHED: OP_RPAREN to )
                                              leaving... cast-operator
                                              entering... cast-expression
BACKTO :x
                                                entering... unary-expression
BACKTO :x
BACKTO :x
BACKTO :x
BACKTO :x
BACKTO :x
BACKTO :x
BACKTO :x
BACKTO :x
                                                  entering... postfix-expression
                                                    entering... postfix-root
BACKTO :x
BACKTO :x
BACKTO :x
BACKTO :x
BACKTO :x
BACKTO :x
BACKTO :x
BACKTO :x
BACKTO :x
BACKTO :x
                                                      entering... primary-expression
BACKTO :x
BACKTO :x
                                                        entering... id-expression
BACKTO :x
                                                          entering... unqualified-id
BACKTO :x
BACKTO :x
BACKTO :x
BACKTO :x
BACKTO :x
BACKTO :x
MATCHED: PT_TT_IDENTIFIER to x
                                                          leaving... unqualified-id
                                                        leaving... id-expression
                                                      leaving... primary-expression
                                                    leaving... postfix-root
                                                  leaving... postfix-expression
                                                leaving... unary-expression
                                              leaving... cast-expression
                                            leaving... cast-expression
BACKTO :;
                                          leaving... pm-expression
BACKTO :;
                                        leaving... multiplicative-expression
BACKTO :;
                                      leaving... additive-expression
BACKTO :;
                                    leaving... shift-expression
BACKTO :;
                                  leaving... relational-expression
BACKTO :;
                                leaving... equality-expression
BACKTO :;
                              leaving... and-expression
BACKTO :;
                            leaving... exclusive-or-expression
BACKTO :;
                          leaving... inclusive-or-expression
BACKTO :;
                        leaving... logical-and-expression
BACKTO :;
                      leaving... logical-or-expression
                    leaving... conditional-expression
                  leaving... assignment-expression
BACKTO :;
                leaving... expression
MATCHED: OP_SEMICOLON to ;
              leaving... expression-statement
            leaving... statement
            entering... statement
BACKTO :(
BACKTO :(
BACKTO :(
BACKTO :(
BACKTO :(
              entering... expression-statement
                entering... expression
                  entering... assignment-expression
                    entering... logical-or-expression
                      entering... logical-and-expression
                        entering... inclusive-or-expression
                          entering... exclusive-or-expression
                            entering... and-expression
                              entering... equality-expression
                                entering... relational-expression
                                  entering... shift-expression
                                    entering... additive-expression
                                      entering... multiplicative-expression
                                        entering... pm-expression
                                          entering... cast-expression
                                            entering... cast-operator
MATCHED: OP_LPAREN to (
                                              entering... type-id
                                                entering... type-specifier-seq
                                                  entering... type-specifier
BACKTO :C
BACKTO :C
                                                    entering... trailing-type-specifier
BACKTO :C
BACKTO :C
BACKTO :C
                                                      entering... simple-type-specifier
                                                        entering... nested-name-specifier
                                                          entering... nested-name-specifier-root
BACKTO :C
BACKTO :C
                                                            entering... type-name
BACKTO :C
BACKTO :C
BACKTO :C
                                                              entering... class-name
BACKTO :C
MATCHED: PT_TT_IDENTIFIER_C to C
                                                              leaving... class-name
                                                            leaving... type-name
BACKTO :C
BACKTO :C
                                                          leaving... nested-name-specifier-root
BACKTO :C
                                                        leaving... nested-name-specifier
BACKTO :C
                                                        entering... nested-name-specifier
                                                          entering... nested-name-specifier-root
BACKTO :C
BACKTO :C
                                                            entering... type-name
BACKTO :C
BACKTO :C
BACKTO :C
                                                              entering... class-name
BACKTO :C
MATCHED: PT_TT_IDENTIFIER_C to C
                                                              leaving... class-name
                                                            leaving... type-name
BACKTO :C
BACKTO :C
                                                          leaving... nested-name-specifier-root
BACKTO :C
                                                        leaving... nested-name-specifier
                                                        entering... type-name
BACKTO :C
BACKTO :C
BACKTO :C
                                                          entering... class-name
BACKTO :C
MATCHED: PT_TT_IDENTIFIER_C to C
                                                          leaving... class-name
                                                        leaving... type-name
                                                      leaving... simple-type-specifier
                                                    leaving... trailing-type-specifier
                                                  leaving... type-specifier
                                                leaving... type-specifier-seq
                                              leaving... type-id
MATCHED: OP_RPAREN to )
                                            leaving... cast-operator
                                            entering... cast-expression
BACKTO :x
                                              entering... unary-expression
BACKTO :x
BACKTO :x
BACKTO :x
BACKTO :x
BACKTO :x
BACKTO :x
BACKTO :x
BACKTO :x
                                                entering... postfix-expression
                                                  entering... postfix-root
BACKTO :x
BACKTO :x
BACKTO :x
BACKTO :x
BACKTO :x
BACKTO :x
BACKTO :x
BACKTO :x
BACKTO :x
BACKTO :x
                                                    entering... primary-expression
BACKTO :x
BACKTO :x
                                                      entering... id-expression
BACKTO :x
                                                        entering... unqualified-id
BACKTO :x
BACKTO :x
BACKTO :x
BACKTO :x
BACKTO :x
BACKTO :x
MATCHED: PT_TT_IDENTIFIER to x
                                                        leaving... unqualified-id
                                                      leaving... id-expression
                                                    leaving... primary-expression
                                                  leaving... postfix-root
                                                leaving... postfix-expression
                                              leaving... unary-expression
                                            leaving... cast-expression
                                          leaving... cast-expression
BACKTO :;
                                        leaving... pm-expression
BACKTO :;
                                      leaving... multiplicative-expression
BACKTO :;
                                    leaving... additive-expression
BACKTO :;
                                  leaving... shift-expression
BACKTO :;
                                leaving... relational-expression
BACKTO :;
                              leaving... equality-expression
BACKTO :;
                            leaving... and-expression
BACKTO :;
                          leaving... exclusive-or-expression
BACKTO :;
                        leaving... inclusive-or-expression
BACKTO :;
                      leaving... logical-and-expression
BACKTO :;
                    leaving... logical-or-expression
BACKTO :(
BACKTO :(
                    entering... conditional-expression
                      entering... logical-or-expression
                        entering... logical-and-expression
                          entering... inclusive-or-expression
                            entering... exclusive-or-expression
                              entering... and-expression
                                entering... equality-expression
                                  entering... relational-expression
                                    entering... shift-expression
                                      entering... additive-expression
                                        entering... multiplicative-expression
                                          entering... pm-expression
                                            entering... cast-expression
                                              entering... cast-operator
MATCHED: OP_LPAREN to (
                                                entering... type-id
                                                  entering... type-specifier-seq
                                                    entering... type-specifier
BACKTO :C
BACKTO :C
                                                      entering... trailing-type-specifier
BACKTO :C
BACKTO :C
BACKTO :C
                                                        entering... simple-type-specifier
                                                          entering... nested-name-specifier
                                                            entering... nested-name-specifier-root
BACKTO :C
BACKTO :C
                                                              entering... type-name
BACKTO :C
BACKTO :C
BACKTO :C
                                                                entering... class-name
BACKTO :C
MATCHED: PT_TT_IDENTIFIER_C to C
                                                                leaving... class-name
                                                              leaving... type-name
BACKTO :C
BACKTO :C
                                                            leaving... nested-name-specifier-root
BACKTO :C
                                                          leaving... nested-name-specifier
BACKTO :C
                                                          entering... nested-name-specifier
                                                            entering... nested-name-specifier-root
BACKTO :C
BACKTO :C
                                                              entering... type-name
BACKTO :C
BACKTO :C
BACKTO :C
                                                                entering... class-name
BACKTO :C
MATCHED: PT_TT_IDENTIFIER_C to C
                                                                leaving... class-name
                                                              leaving... type-name
BACKTO :C
BACKTO :C
                                                            leaving... nested-name-specifier-root
BACKTO :C
                                                          leaving... nested-name-specifier
                                                          entering... type-name
BACKTO :C
BACKTO :C
BACKTO :C
                                                            entering... class-name
BACKTO :C
MATCHED: PT_TT_IDENTIFIER_C to C
                                                            leaving... class-name
                                                          leaving... type-name
                                                        leaving... simple-type-specifier
                                                      leaving... trailing-type-specifier
                                                    leaving... type-specifier
                                                  leaving... type-specifier-seq
                                                leaving... type-id
MATCHED: OP_RPAREN to )
                                              leaving... cast-operator
                                              entering... cast-expression
BACKTO :x
                                                entering... unary-expression
BACKTO :x
BACKTO :x
BACKTO :x
BACKTO :x
BACKTO :x
BACKTO :x
BACKTO :x
BACKTO :x
                                                  entering... postfix-expression
                                                    entering... postfix-root
BACKTO :x
BACKTO :x
BACKTO :x
BACKTO :x
BACKTO :x
BACKTO :x
BACKTO :x
BACKTO :x
BACKTO :x
BACKTO :x
                                                      entering... primary-expression
BACKTO :x
BACKTO :x
                                                        entering... id-expression
BACKTO :x
                                                          entering... unqualified-id
BACKTO :x
BACKTO :x
BACKTO :x
BACKTO :x
BACKTO :x
BACKTO :x
MATCHED: PT_TT_IDENTIFIER to x
                                                          leaving... unqualified-id
                                                        leaving... id-expression
                                                      leaving... primary-expression
                                                    leaving... postfix-root
                                                  leaving... postfix-expression
                                                leaving... unary-expression
                                              leaving... cast-expression
                                            leaving... cast-expression
BACKTO :;
                                          leaving... pm-expression
BACKTO :;
                                        leaving... multiplicative-expression
BACKTO :;
                                      leaving... additive-expression
BACKTO :;
                                    leaving... shift-expression
BACKTO :;
                                  leaving... relational-expression
BACKTO :;
                                leaving... equality-expression
BACKTO :;
                              leaving... and-expression
BACKTO :;
                            leaving... exclusive-or-expression
BACKTO :;
                          leaving... inclusive-or-expression
BACKTO :;
                        leaving... logical-and-expression
BACKTO :;
                      leaving... logical-or-expression
                    leaving... conditional-expression
                  leaving... assignment-expression
BACKTO :;
                leaving... expression
MATCHED: OP_SEMICOLON to ;
              leaving... expression-statement
            leaving... statement
            entering... statement
BACKTO :(
BACKTO :(
BACKTO :(
BACKTO :(
BACKTO :(
              entering... expression-statement
                entering... expression
                  entering... assignment-expression
                    entering... logical-or-expression
                      entering... logical-and-expression
                        entering... inclusive-or-expression
                          entering... exclusive-or-expression
                            entering... and-expression
                              entering... equality-expression
                                entering... relational-expression
                                  entering... shift-expression
                                    entering... additive-expression
                                      entering... multiplicative-expression
                                        entering... pm-expression
                                          entering... cast-expression
                                            entering... cast-operator
MATCHED: OP_LPAREN to (
                                              entering... type-id
                                                entering... type-specifier-seq
                                                  entering... type-specifier
BACKTO :int
BACKTO :int
                                                    entering... trailing-type-specifier
BACKTO :int
BACKTO :int
BACKTO :int
                                                      entering... simple-type-specifier
BACKTO :int
BACKTO :int
BACKTO :int
BACKTO :int
BACKTO :int
BACKTO :int
BACKTO :int
BACKTO :int
BACKTO :int
BACKTO :int
BACKTO :int
BACKTO :int
BACKTO :int
MATCHED: KW_INT to int
                                                      leaving... simple-type-specifier
                                                    leaving... trailing-type-specifier
                                                  leaving... type-specifier
                                                leaving... type-specifier-seq
                                                entering... abstract-declarator
BACKTO :*
                                                  entering... abstract-pack-declarator
                                                    entering... ptr-operator
BACKTO :*
MATCHED: OP_STAR to *
                                                    leaving... ptr-operator
BACKTO :*
                                                  leaving... abstract-pack-declarator
BACKTO :*
                                                  entering... ptr-abstract-declarator
                                                    entering... ptr-operator
BACKTO :*
MATCHED: OP_STAR to *
                                                    leaving... ptr-operator
BACKTO :*
                                                    entering... ptr-operator
BACKTO :*
MATCHED: OP_STAR to *
                                                    leaving... ptr-operator
                                                  leaving... ptr-abstract-declarator
                                                leaving... abstract-declarator
                                              leaving... type-id
MATCHED: OP_RPAREN to )
                                            leaving... cast-operator
                                            entering... cast-expression
BACKTO :x
                                              entering... unary-expression
BACKTO :x
BACKTO :x
BACKTO :x
BACKTO :x
BACKTO :x
BACKTO :x
BACKTO :x
BACKTO :x
                                                entering... postfix-expression
                                                  entering... postfix-root
BACKTO :x
BACKTO :x
BACKTO :x
BACKTO :x
BACKTO :x
BACKTO :x
BACKTO :x
BACKTO :x
BACKTO :x
BACKTO :x
                                                    entering... primary-expression
BACKTO :x
BACKTO :x
                                                      entering... id-expression
BACKTO :x
                                                        entering... unqualified-id
BACKTO :x
BACKTO :x
BACKTO :x
BACKTO :x
BACKTO :x
BACKTO :x
MATCHED: PT_TT_IDENTIFIER to x
                                                        leaving... unqualified-id
                                                      leaving... id-expression
                                                    leaving... primary-expression
                                                  leaving... postfix-root
                                                leaving... postfix-expression
                                              leaving... unary-expression
                                            leaving... cast-expression
                                          leaving... cast-expression
BACKTO :;
                                        leaving... pm-expression
BACKTO :;
                                      leaving... multiplicative-expression
BACKTO :;
                                    leaving... additive-expression
BACKTO :;
                                  leaving... shift-expression
BACKTO :;
                                leaving... relational-expression
BACKTO :;
                              leaving... equality-expression
BACKTO :;
                            leaving... and-expression
BACKTO :;
                          leaving... exclusive-or-expression
BACKTO :;
                        leaving... inclusive-or-expression
BACKTO :;
                      leaving... logical-and-expression
BACKTO :;
                    leaving... logical-or-expression
BACKTO :(
BACKTO :(
                    entering... conditional-expression
                      entering... logical-or-expression
                        entering... logical-and-expression
                          entering... inclusive-or-expression
                            entering... exclusive-or-expression
                              entering... and-expression
                                entering... equality-expression
                                  entering... relational-expression
                                    entering... shift-expression
                                      entering... additive-expression
                                        entering... multiplicative-expression
                                          entering... pm-expression
                                            entering... cast-expression
                                              entering... cast-operator
MATCHED: OP_LPAREN to (
                                                entering... type-id
                                                  entering... type-specifier-seq
                                                    entering... type-specifier
BACKTO :int
BACKTO :int
                                                      entering... trailing-type-specifier
BACKTO :int
BACKTO :int
BACKTO :int
                                                        entering... simple-type-specifier
BACKTO :int
BACKTO :int
BACKTO :int
BACKTO :int
BACKTO :int
BACKTO :int
BACKTO :int
BACKTO :int
BACKTO :int
BACKTO :int
BACKTO :int
BACKTO :int
BACKTO :int
MATCHED: KW_INT to int
                                                        leaving... simple-type-specifier
                                                      leaving... trailing-type-specifier
                                                    leaving... type-specifier
                                                  leaving... type-specifier-seq
                                                  entering... abstract-declarator
BACKTO :*
                                                    entering... abstract-pack-declarator
                                                      entering... ptr-operator
BACKTO :*
MATCHED: OP_STAR to *
                                                      leaving... ptr-operator
BACKTO :*
                                                    leaving... abstract-pack-declarator
BACKTO :*
                                                    entering... ptr-abstract-declarator
                                                      entering... ptr-operator
BACKTO :*
MATCHED: OP_STAR to *
                                                      leaving... ptr-operator
BACKTO :*
                                                      entering... ptr-operator
BACKTO :*
MATCHED: OP_STAR to *
                                                      leaving... ptr-operator
                                                    leaving... ptr-abstract-declarator
                                                  leaving... abstract-declarator
                                                leaving... type-id
MATCHED: OP_RPAREN to )
                                              leaving... cast-operator
                                              entering... cast-expression
BACKTO :x
                                                entering... unary-expression
BACKTO :x
BACKTO :x
BACKTO :x
BACKTO :x
BACKTO :x
BACKTO :x
BACKTO :x
BACKTO :x
                                                  entering... postfix-expression
                                                    entering... postfix-root
BACKTO :x
BACKTO :x
BACKTO :x
BACKTO :x
BACKTO :x
BACKTO :x
BACKTO :x
BACKTO :x
BACKTO :x
BACKTO :x
                                                      entering... primary-expression
BACKTO :x
BACKTO :x
                                                        entering... id-expression
BACKTO :x
                                                          entering... unqualified-id
BACKTO :x
BACKTO :x
BACKTO :x
BACKTO :x
BACKTO :x
BACKTO :x
MATCHED: PT_TT_IDENTIFIER to x
                                                          leaving... unqualified-id
                                                        leaving... id-expression
                                                      leaving... primary-expression
                                                    leaving... postfix-root
                                                  leaving... postfix-expression
                                                leaving... unary-expression
                                              leaving... cast-expression
                                            leaving... cast-expression
BACKTO :;
                                          leaving... pm-expression
BACKTO :;
                                        leaving... multiplicative-expression
BACKTO :;
                                      leaving... additive-expression
BACKTO :;
                                    leaving... shift-expression
BACKTO :;
                                  leaving... relational-expression
BACKTO :;
                                leaving... equality-expression
BACKTO :;
                              leaving... and-expression
BACKTO :;
                            leaving... exclusive-or-expression
BACKTO :;
                          leaving... inclusive-or-expression
BACKTO :;
                        leaving... logical-and-expression
BACKTO :;
                      leaving... logical-or-expression
                    leaving... conditional-expression
                  leaving... assignment-expression
BACKTO :;
                leaving... expression
MATCHED: OP_SEMICOLON to ;
              leaving... expression-statement
            leaving... statement
MATCHED: OP_RBRACE to }
          leaving... compound-statement
        leaving... function-body
      leaving... function-definition
    leaving... declaration
MATCHED: PT_ST_EOF to 
  leaving... translation-unit
