simple int KW_INT
identifier main
simple ( OP_LPAREN
simple ) OP_RPAREN
simple { OP_LBRACE
simple break KW_BREAK
simple ; OP_SEMICOLON
simple continue KW_CONTINUE
simple ; OP_SEMICOLON
simple return KW_RETURN
literal 1 int 01000000
simple + OP_PLUS
literal 2 int 02000000
simple ; OP_SEMICOLON
simple return KW_RETURN
simple ; OP_SEMICOLON
simple return KW_RETURN
simple { OP_LBRACE
literal 1 int 01000000
simple , OP_COMMA
literal 2 int 02000000
simple , OP_COMMA
literal 3 int 03000000
simple } OP_RBRACE
simple ; OP_SEMICOLON
simple goto KW_GOTO
identifier foo
simple ; OP_SEMICOLON
simple } OP_RBRACE
eof
  entering... translation-unit
    entering... declaration
BACKTO :int
BACKTO :int
BACKTO :int
BACKTO :int
BACKTO :int
BACKTO :int
BACKTO :int
      entering... function-definition
        entering... decl-specifier-seq
          entering... decl-specifier
BACKTO :int
BACKTO :int
BACKTO :int
BACKTO :int
            entering... type-specifier
BACKTO :int
BACKTO :int
              entering... trailing-type-specifier
BACKTO :int
BACKTO :int
BACKTO :int
                entering... simple-type-specifier
BACKTO :int
BACKTO :int
BACKTO :int
BACKTO :int
BACKTO :int
BACKTO :int
BACKTO :int
BACKTO :int
BACKTO :int
BACKTO :int
BACKTO :int
BACKTO :int
BACKTO :int
MATCHED: KW_INT to int
                leaving... simple-type-specifier
              leaving... trailing-type-specifier
            leaving... type-specifier
          leaving... decl-specifier
        leaving... decl-specifier-seq
        entering... declarator
          entering... noptr-declarator
            entering... noptr-declarator-root
BACKTO :main
              entering... declarator-id
                entering... id-expression
BACKTO :main
                  entering... unqualified-id
BACKTO :main
BACKTO :main
BACKTO :main
BACKTO :main
BACKTO :main
BACKTO :main
MATCHED: PT_TT_IDENTIFIER to main
                  leaving... unqualified-id
                leaving... id-expression
              leaving... declarator-id
            leaving... noptr-declarator-root
            entering... noptr-declarator-suffix
BACKTO :(
              entering... parameters-and-qualifiers
MATCHED: OP_LPAREN to (
MATCHED: OP_RPAREN to )
              leaving... parameters-and-qualifiers
            leaving... noptr-declarator-suffix
BACKTO :{
          leaving... noptr-declarator
BACKTO :main
          entering... ptr-declarator
            entering... noptr-declarator
              entering... noptr-declarator-root
BACKTO :main
                entering... declarator-id
                  entering... id-expression
BACKTO :main
                    entering... unqualified-id
BACKTO :main
BACKTO :main
BACKTO :main
BACKTO :main
BACKTO :main
BACKTO :main
MATCHED: PT_TT_IDENTIFIER to main
                    leaving... unqualified-id
                  leaving... id-expression
                leaving... declarator-id
              leaving... noptr-declarator-root
              entering... noptr-declarator-suffix
BACKTO :(
                entering... parameters-and-qualifiers
MATCHED: OP_LPAREN to (
MATCHED: OP_RPAREN to )
                leaving... parameters-and-qualifiers
              leaving... noptr-declarator-suffix
BACKTO :{
            leaving... noptr-declarator
          leaving... ptr-declarator
        leaving... declarator
        entering... function-body
BACKTO :{
BACKTO :{
          entering... compound-statement
MATCHED: OP_LBRACE to {
            entering... statement
BACKTO :break
              entering... jump-statement
BACKTO :break
BACKTO :break
BACKTO :break
BACKTO :break
MATCHED: KW_BREAK to break
MATCHED: OP_SEMICOLON to ;
              leaving... jump-statement
            leaving... statement
            entering... statement
BACKTO :continue
              entering... jump-statement
BACKTO :continue
BACKTO :continue
BACKTO :continue
MATCHED: KW_CONTINUE to continue
MATCHED: OP_SEMICOLON to ;
              leaving... jump-statement
            leaving... statement
            entering... statement
BACKTO :return
              entering... jump-statement
BACKTO :return
MATCHED: KW_RETURN to return
BACKTO :return
MATCHED: KW_RETURN to return
                entering... expression
                  entering... assignment-expression
                    entering... logical-or-expression
                      entering... logical-and-expression
                        entering... inclusive-or-expression
                          entering... exclusive-or-expression
                            entering... and-expression
                              entering... equality-expression
                                entering... relational-expression
                                  entering... shift-expression
                                    entering... additive-expression
                                      entering... multiplicative-expression
                                        entering... pm-expression
                                          entering... cast-expression
BACKTO :1
                                            entering... unary-expression
BACKTO :1
BACKTO :1
BACKTO :1
BACKTO :1
BACKTO :1
BACKTO :1
BACKTO :1
BACKTO :1
                                              entering... postfix-expression
                                                entering... postfix-root
BACKTO :1
BACKTO :1
BACKTO :1
BACKTO :1
BACKTO :1
BACKTO :1
BACKTO :1
BACKTO :1
BACKTO :1
BACKTO :1
                                                  entering... primary-expression
BACKTO :1
BACKTO :1
BACKTO :1
BACKTO :1
MATCHED: PT_TT_LITERAL to 1
                                                  leaving... primary-expression
                                                leaving... postfix-root
                                              leaving... postfix-expression
                                            leaving... unary-expression
                                          leaving... cast-expression
BACKTO :+
                                        leaving... pm-expression
BACKTO :+
                                      leaving... multiplicative-expression
                                      entering... additive-operator
BACKTO :+
MATCHED: OP_PLUS to +
                                      leaving... additive-operator
                                      entering... multiplicative-expression
                                        entering... pm-expression
                                          entering... cast-expression
BACKTO :2
                                            entering... unary-expression
BACKTO :2
BACKTO :2
BACKTO :2
BACKTO :2
BACKTO :2
BACKTO :2
BACKTO :2
BACKTO :2
                                              entering... postfix-expression
                                                entering... postfix-root
BACKTO :2
BACKTO :2
BACKTO :2
BACKTO :2
BACKTO :2
BACKTO :2
BACKTO :2
BACKTO :2
BACKTO :2
BACKTO :2
                                                  entering... primary-expression
BACKTO :2
BACKTO :2
BACKTO :2
BACKTO :2
MATCHED: PT_TT_LITERAL to 2
                                                  leaving... primary-expression
                                                leaving... postfix-root
                                              leaving... postfix-expression
                                            leaving... unary-expression
                                          leaving... cast-expression
BACKTO :;
                                        leaving... pm-expression
BACKTO :;
                                      leaving... multiplicative-expression
BACKTO :;
                                    leaving... additive-expression
BACKTO :;
                                  leaving... shift-expression
BACKTO :;
                                leaving... relational-expression
BACKTO :;
                              leaving... equality-expression
BACKTO :;
                            leaving... and-expression
BACKTO :;
                          leaving... exclusive-or-expression
BACKTO :;
                        leaving... inclusive-or-expression
BACKTO :;
                      leaving... logical-and-expression
BACKTO :;
                    leaving... logical-or-expression
BACKTO :1
BACKTO :1
                    entering... conditional-expression
                      entering... logical-or-expression
                        entering... logical-and-expression
                          entering... inclusive-or-expression
                            entering... exclusive-or-expression
                              entering... and-expression
                                entering... equality-expression
                                  entering... relational-expression
                                    entering... shift-expression
                                      entering... additive-expression
                                        entering... multiplicative-expression
                                          entering... pm-expression
                                            entering... cast-expression
BACKTO :1
                                              entering... unary-expression
BACKTO :1
BACKTO :1
BACKTO :1
BACKTO :1
BACKTO :1
BACKTO :1
BACKTO :1
BACKTO :1
                                                entering... postfix-expression
                                                  entering... postfix-root
BACKTO :1
BACKTO :1
BACKTO :1
BACKTO :1
BACKTO :1
BACKTO :1
BACKTO :1
BACKTO :1
BACKTO :1
BACKTO :1
                                                    entering... primary-expression
BACKTO :1
BACKTO :1
BACKTO :1
BACKTO :1
MATCHED: PT_TT_LITERAL to 1
                                                    leaving... primary-expression
                                                  leaving... postfix-root
                                                leaving... postfix-expression
                                              leaving... unary-expression
                                            leaving... cast-expression
BACKTO :+
                                          leaving... pm-expression
BACKTO :+
                                        leaving... multiplicative-expression
                                        entering... additive-operator
BACKTO :+
MATCHED: OP_PLUS to +
                                        leaving... additive-operator
                                        entering... multiplicative-expression
                                          entering... pm-expression
                                            entering... cast-expression
BACKTO :2
                                              entering... unary-expression
BACKTO :2
BACKTO :2
BACKTO :2
BACKTO :2
BACKTO :2
BACKTO :2
BACKTO :2
BACKTO :2
                                                entering... postfix-expression
                                                  entering... postfix-root
BACKTO :2
BACKTO :2
BACKTO :2
BACKTO :2
BACKTO :2
BACKTO :2
BACKTO :2
BACKTO :2
BACKTO :2
BACKTO :2
                                                    entering... primary-expression
BACKTO :2
BACKTO :2
BACKTO :2
BACKTO :2
MATCHED: PT_TT_LITERAL to 2
                                                    leaving... primary-expression
                                                  leaving... postfix-root
                                                leaving... postfix-expression
                                              leaving... unary-expression
                                            leaving... cast-expression
BACKTO :;
                                          leaving... pm-expression
BACKTO :;
                                        leaving... multiplicative-expression
BACKTO :;
                                      leaving... additive-expression
BACKTO :;
                                    leaving... shift-expression
BACKTO :;
                                  leaving... relational-expression
BACKTO :;
                                leaving... equality-expression
BACKTO :;
                              leaving... and-expression
BACKTO :;
                            leaving... exclusive-or-expression
BACKTO :;
                          leaving... inclusive-or-expression
BACKTO :;
                        leaving... logical-and-expression
BACKTO :;
                      leaving... logical-or-expression
                    leaving... conditional-expression
                  leaving... assignment-expression
BACKTO :;
                leaving... expression
MATCHED: OP_SEMICOLON to ;
              leaving... jump-statement
            leaving... statement
            entering... statement
BACKTO :return
              entering... jump-statement
BACKTO :return
MATCHED: KW_RETURN to return
BACKTO :return
MATCHED: KW_RETURN to return
MATCHED: OP_SEMICOLON to ;
              leaving... jump-statement
            leaving... statement
            entering... statement
BACKTO :return
              entering... jump-statement
BACKTO :return
MATCHED: KW_RETURN to return
                entering... braced-init-list
MATCHED: OP_LBRACE to {
                  entering... initializer-list
                    entering... initializer-clause-dots
                      entering... initializer-clause
BACKTO :1
                        entering... assignment-expression
                          entering... logical-or-expression
                            entering... logical-and-expression
                              entering... inclusive-or-expression
                                entering... exclusive-or-expression
                                  entering... and-expression
                                    entering... equality-expression
                                      entering... relational-expression
                                        entering... shift-expression
                                          entering... additive-expression
                                            entering... multiplicative-expression
                                              entering... pm-expression
                                                entering... cast-expression
BACKTO :1
                                                  entering... unary-expression
BACKTO :1
BACKTO :1
BACKTO :1
BACKTO :1
BACKTO :1
BACKTO :1
BACKTO :1
BACKTO :1
                                                    entering... postfix-expression
                                                      entering... postfix-root
BACKTO :1
BACKTO :1
BACKTO :1
BACKTO :1
BACKTO :1
BACKTO :1
BACKTO :1
BACKTO :1
BACKTO :1
BACKTO :1
                                                        entering... primary-expression
BACKTO :1
BACKTO :1
BACKTO :1
BACKTO :1
MATCHED: PT_TT_LITERAL to 1
                                                        leaving... primary-expression
                                                      leaving... postfix-root
                                                    leaving... postfix-expression
                                                  leaving... unary-expression
                                                leaving... cast-expression
BACKTO :,
                                              leaving... pm-expression
BACKTO :,
                                            leaving... multiplicative-expression
BACKTO :,
                                          leaving... additive-expression
BACKTO :,
                                        leaving... shift-expression
BACKTO :,
                                      leaving... relational-expression
BACKTO :,
                                    leaving... equality-expression
BACKTO :,
                                  leaving... and-expression
BACKTO :,
                                leaving... exclusive-or-expression
BACKTO :,
                              leaving... inclusive-or-expression
BACKTO :,
                            leaving... logical-and-expression
BACKTO :,
                          leaving... logical-or-expression
BACKTO :1
BACKTO :1
                          entering... conditional-expression
                            entering... logical-or-expression
                              entering... logical-and-expression
                                entering... inclusive-or-expression
                                  entering... exclusive-or-expression
                                    entering... and-expression
                                      entering... equality-expression
                                        entering... relational-expression
                                          entering... shift-expression
                                            entering... additive-expression
                                              entering... multiplicative-expression
                                                entering... pm-expression
                                                  entering... cast-expression
BACKTO :1
                                                    entering... unary-expression
BACKTO :1
BACKTO :1
BACKTO :1
BACKTO :1
BACKTO :1
BACKTO :1
BACKTO :1
BACKTO :1
                                                      entering... postfix-expression
                                                        entering... postfix-root
BACKTO :1
BACKTO :1
BACKTO :1
BACKTO :1
BACKTO :1
BACKTO :1
BACKTO :1
BACKTO :1
BACKTO :1
BACKTO :1
                                                          entering... primary-expression
BACKTO :1
BACKTO :1
BACKTO :1
BACKTO :1
MATCHED: PT_TT_LITERAL to 1
                                                          leaving... primary-expression
                                                        leaving... postfix-root
                                                      leaving... postfix-expression
                                                    leaving... unary-expression
                                                  leaving... cast-expression
BACKTO :,
                                                leaving... pm-expression
BACKTO :,
                                              leaving... multiplicative-expression
BACKTO :,
                                            leaving... additive-expression
BACKTO :,
                                          leaving... shift-expression
BACKTO :,
                                        leaving... relational-expression
BACKTO :,
                                      leaving... equality-expression
BACKTO :,
                                    leaving... and-expression
BACKTO :,
                                  leaving... exclusive-or-expression
BACKTO :,
                                leaving... inclusive-or-expression
BACKTO :,
                              leaving... logical-and-expression
BACKTO :,
                            leaving... logical-or-expression
                          leaving... conditional-expression
                        leaving... assignment-expression
                      leaving... initializer-clause
                    leaving... initializer-clause-dots
MATCHED: OP_COMMA to ,
                    entering... initializer-clause-dots
                      entering... initializer-clause
BACKTO :2
                        entering... assignment-expression
                          entering... logical-or-expression
                            entering... logical-and-expression
                              entering... inclusive-or-expression
                                entering... exclusive-or-expression
                                  entering... and-expression
                                    entering... equality-expression
                                      entering... relational-expression
                                        entering... shift-expression
                                          entering... additive-expression
                                            entering... multiplicative-expression
                                              entering... pm-expression
                                                entering... cast-expression
BACKTO :2
                                                  entering... unary-expression
BACKTO :2
BACKTO :2
BACKTO :2
BACKTO :2
BACKTO :2
BACKTO :2
BACKTO :2
BACKTO :2
                                                    entering... postfix-expression
                                                      entering... postfix-root
BACKTO :2
BACKTO :2
BACKTO :2
BACKTO :2
BACKTO :2
BACKTO :2
BACKTO :2
BACKTO :2
BACKTO :2
BACKTO :2
                                                        entering... primary-expression
BACKTO :2
BACKTO :2
BACKTO :2
BACKTO :2
MATCHED: PT_TT_LITERAL to 2
                                                        leaving... primary-expression
                                                      leaving... postfix-root
                                                    leaving... postfix-expression
                                                  leaving... unary-expression
                                                leaving... cast-expression
BACKTO :,
                                              leaving... pm-expression
BACKTO :,
                                            leaving... multiplicative-expression
BACKTO :,
                                          leaving... additive-expression
BACKTO :,
                                        leaving... shift-expression
BACKTO :,
                                      leaving... relational-expression
BACKTO :,
                                    leaving... equality-expression
BACKTO :,
                                  leaving... and-expression
BACKTO :,
                                leaving... exclusive-or-expression
BACKTO :,
                              leaving... inclusive-or-expression
BACKTO :,
                            leaving... logical-and-expression
BACKTO :,
                          leaving... logical-or-expression
BACKTO :2
BACKTO :2
                          entering... conditional-expression
                            entering... logical-or-expression
                              entering... logical-and-expression
                                entering... inclusive-or-expression
                                  entering... exclusive-or-expression
                                    entering... and-expression
                                      entering... equality-expression
                                        entering... relational-expression
                                          entering... shift-expression
                                            entering... additive-expression
                                              entering... multiplicative-expression
                                                entering... pm-expression
                                                  entering... cast-expression
BACKTO :2
                                                    entering... unary-expression
BACKTO :2
BACKTO :2
BACKTO :2
BACKTO :2
BACKTO :2
BACKTO :2
BACKTO :2
BACKTO :2
                                                      entering... postfix-expression
                                                        entering... postfix-root
BACKTO :2
BACKTO :2
BACKTO :2
BACKTO :2
BACKTO :2
BACKTO :2
BACKTO :2
BACKTO :2
BACKTO :2
BACKTO :2
                                                          entering... primary-expression
BACKTO :2
BACKTO :2
BACKTO :2
BACKTO :2
MATCHED: PT_TT_LITERAL to 2
                                                          leaving... primary-expression
                                                        leaving... postfix-root
                                                      leaving... postfix-expression
                                                    leaving... unary-expression
                                                  leaving... cast-expression
BACKTO :,
                                                leaving... pm-expression
BACKTO :,
                                              leaving... multiplicative-expression
BACKTO :,
                                            leaving... additive-expression
BACKTO :,
                                          leaving... shift-expression
BACKTO :,
                                        leaving... relational-expression
BACKTO :,
                                      leaving... equality-expression
BACKTO :,
                                    leaving... and-expression
BACKTO :,
                                  leaving... exclusive-or-expression
BACKTO :,
                                leaving... inclusive-or-expression
BACKTO :,
                              leaving... logical-and-expression
BACKTO :,
                            leaving... logical-or-expression
                          leaving... conditional-expression
                        leaving... assignment-expression
                      leaving... initializer-clause
                    leaving... initializer-clause-dots
MATCHED: OP_COMMA to ,
                    entering... initializer-clause-dots
                      entering... initializer-clause
BACKTO :3
                        entering... assignment-expression
                          entering... logical-or-expression
                            entering... logical-and-expression
                              entering... inclusive-or-expression
                                entering... exclusive-or-expression
                                  entering... and-expression
                                    entering... equality-expression
                                      entering... relational-expression
                                        entering... shift-expression
                                          entering... additive-expression
                                            entering... multiplicative-expression
                                              entering... pm-expression
                                                entering... cast-expression
BACKTO :3
                                                  entering... unary-expression
BACKTO :3
BACKTO :3
BACKTO :3
BACKTO :3
BACKTO :3
BACKTO :3
BACKTO :3
BACKTO :3
                                                    entering... postfix-expression
                                                      entering... postfix-root
BACKTO :3
BACKTO :3
BACKTO :3
BACKTO :3
BACKTO :3
BACKTO :3
BACKTO :3
BACKTO :3
BACKTO :3
BACKTO :3
                                                        entering... primary-expression
BACKTO :3
BACKTO :3
BACKTO :3
BACKTO :3
MATCHED: PT_TT_LITERAL to 3
                                                        leaving... primary-expression
                                                      leaving... postfix-root
                                                    leaving... postfix-expression
                                                  leaving... unary-expression
                                                leaving... cast-expression
BACKTO :}
                                              leaving... pm-expression
BACKTO :}
                                            leaving... multiplicative-expression
BACKTO :}
                                          leaving... additive-expression
BACKTO :}
                                        leaving... shift-expression
BACKTO :}
                                      leaving... relational-expression
BACKTO :}
                                    leaving... equality-expression
BACKTO :}
                                  leaving... and-expression
BACKTO :}
                                leaving... exclusive-or-expression
BACKTO :}
                              leaving... inclusive-or-expression
BACKTO :}
                            leaving... logical-and-expression
BACKTO :}
                          leaving... logical-or-expression
BACKTO :3
BACKTO :3
                          entering... conditional-expression
                            entering... logical-or-expression
                              entering... logical-and-expression
                                entering... inclusive-or-expression
                                  entering... exclusive-or-expression
                                    entering... and-expression
                                      entering... equality-expression
                                        entering... relational-expression
                                          entering... shift-expression
                                            entering... additive-expression
                                              entering... multiplicative-expression
                                                entering... pm-expression
                                                  entering... cast-expression
BACKTO :3
                                                    entering... unary-expression
BACKTO :3
BACKTO :3
BACKTO :3
BACKTO :3
BACKTO :3
BACKTO :3
BACKTO :3
BACKTO :3
                                                      entering... postfix-expression
                                                        entering... postfix-root
BACKTO :3
BACKTO :3
BACKTO :3
BACKTO :3
BACKTO :3
BACKTO :3
BACKTO :3
BACKTO :3
BACKTO :3
BACKTO :3
                                                          entering... primary-expression
BACKTO :3
BACKTO :3
BACKTO :3
BACKTO :3
MATCHED: PT_TT_LITERAL to 3
                                                          leaving... primary-expression
                                                        leaving... postfix-root
                                                      leaving... postfix-expression
                                                    leaving... unary-expression
                                                  leaving... cast-expression
BACKTO :}
                                                leaving... pm-expression
BACKTO :}
                                              leaving... multiplicative-expression
BACKTO :}
                                            leaving... additive-expression
BACKTO :}
                                          leaving... shift-expression
BACKTO :}
                                        leaving... relational-expression
BACKTO :}
                                      leaving... equality-expression
BACKTO :}
                                    leaving... and-expression
BACKTO :}
                                  leaving... exclusive-or-expression
BACKTO :}
                                leaving... inclusive-or-expression
BACKTO :}
                              leaving... logical-and-expression
BACKTO :}
                            leaving... logical-or-expression
                          leaving... conditional-expression
                        leaving... assignment-expression
                      leaving... initializer-clause
                    leaving... initializer-clause-dots
BACKTO :}
                  leaving... initializer-list
MATCHED: OP_RBRACE to }
                leaving... braced-init-list
MATCHED: OP_SEMICOLON to ;
              leaving... jump-statement
            leaving... statement
            entering... statement
BACKTO :goto
              entering... jump-statement
MATCHED: KW_GOTO to goto
MATCHED: PT_TT_IDENTIFIER to foo
MATCHED: OP_SEMICOLON to ;
              leaving... jump-statement
            leaving... statement
MATCHED: OP_RBRACE to }
          leaving... compound-statement
        leaving... function-body
      leaving... function-definition
    leaving... declaration
MATCHED: PT_ST_EOF to 
  leaving... translation-unit
