simple int KW_INT
identifier main
simple ( OP_LPAREN
simple ) OP_RPAREN
simple { OP_LBRACE
identifier f1
simple ( OP_LPAREN
simple ) OP_RPAREN
simple ; OP_SEMICOLON
identifier l1
simple : OP_COLON
identifier f2
simple ( OP_LPAREN
simple ) OP_RPAREN
simple ; OP_SEMICOLON
identifier f3
simple ( OP_LPAREN
simple ) OP_RPAREN
simple ; OP_SEMICOLON
simple goto KW_GOTO
identifier l1
simple ; OP_SEMICOLON
simple } OP_RBRACE
eof
  entering... translation-unit
    entering... declaration
BACKTO :int
BACKTO :int
BACKTO :int
BACKTO :int
BACKTO :int
BACKTO :int
BACKTO :int
      entering... function-definition
        entering... decl-specifier-seq
          entering... decl-specifier
BACKTO :int
BACKTO :int
BACKTO :int
BACKTO :int
            entering... type-specifier
BACKTO :int
BACKTO :int
              entering... trailing-type-specifier
BACKTO :int
BACKTO :int
BACKTO :int
                entering... simple-type-specifier
BACKTO :int
BACKTO :int
BACKTO :int
BACKTO :int
BACKTO :int
BACKTO :int
BACKTO :int
BACKTO :int
BACKTO :int
BACKTO :int
BACKTO :int
BACKTO :int
BACKTO :int
MATCHED: KW_INT to int
                leaving... simple-type-specifier
              leaving... trailing-type-specifier
            leaving... type-specifier
          leaving... decl-specifier
        leaving... decl-specifier-seq
        entering... declarator
          entering... noptr-declarator
            entering... noptr-declarator-root
BACKTO :main
              entering... declarator-id
                entering... id-expression
BACKTO :main
                  entering... unqualified-id
BACKTO :main
BACKTO :main
BACKTO :main
BACKTO :main
BACKTO :main
BACKTO :main
MATCHED: PT_TT_IDENTIFIER to main
                  leaving... unqualified-id
                leaving... id-expression
              leaving... declarator-id
            leaving... noptr-declarator-root
            entering... noptr-declarator-suffix
BACKTO :(
              entering... parameters-and-qualifiers
MATCHED: OP_LPAREN to (
MATCHED: OP_RPAREN to )
              leaving... parameters-and-qualifiers
            leaving... noptr-declarator-suffix
BACKTO :{
          leaving... noptr-declarator
BACKTO :main
          entering... ptr-declarator
            entering... noptr-declarator
              entering... noptr-declarator-root
BACKTO :main
                entering... declarator-id
                  entering... id-expression
BACKTO :main
                    entering... unqualified-id
BACKTO :main
BACKTO :main
BACKTO :main
BACKTO :main
BACKTO :main
BACKTO :main
MATCHED: PT_TT_IDENTIFIER to main
                    leaving... unqualified-id
                  leaving... id-expression
                leaving... declarator-id
              leaving... noptr-declarator-root
              entering... noptr-declarator-suffix
BACKTO :(
                entering... parameters-and-qualifiers
MATCHED: OP_LPAREN to (
MATCHED: OP_RPAREN to )
                leaving... parameters-and-qualifiers
              leaving... noptr-declarator-suffix
BACKTO :{
            leaving... noptr-declarator
          leaving... ptr-declarator
        leaving... declarator
        entering... function-body
BACKTO :{
BACKTO :{
          entering... compound-statement
MATCHED: OP_LBRACE to {
            entering... statement
BACKTO :f1
BACKTO :f1
BACKTO :f1
BACKTO :f1
BACKTO :f1
              entering... expression-statement
                entering... expression
                  entering... assignment-expression
                    entering... logical-or-expression
                      entering... logical-and-expression
                        entering... inclusive-or-expression
                          entering... exclusive-or-expression
                            entering... and-expression
                              entering... equality-expression
                                entering... relational-expression
                                  entering... shift-expression
                                    entering... additive-expression
                                      entering... multiplicative-expression
                                        entering... pm-expression
                                          entering... cast-expression
BACKTO :f1
                                            entering... unary-expression
BACKTO :f1
BACKTO :f1
BACKTO :f1
BACKTO :f1
BACKTO :f1
BACKTO :f1
BACKTO :f1
BACKTO :f1
                                              entering... postfix-expression
                                                entering... postfix-root
BACKTO :f1
BACKTO :f1
BACKTO :f1
BACKTO :f1
BACKTO :f1
BACKTO :f1
BACKTO :f1
BACKTO :f1
BACKTO :f1
BACKTO :f1
                                                  entering... primary-expression
BACKTO :f1
BACKTO :f1
                                                    entering... id-expression
BACKTO :f1
                                                      entering... unqualified-id
BACKTO :f1
BACKTO :f1
BACKTO :f1
BACKTO :f1
BACKTO :f1
BACKTO :f1
MATCHED: PT_TT_IDENTIFIER to f1
                                                      leaving... unqualified-id
                                                    leaving... id-expression
                                                  leaving... primary-expression
                                                leaving... postfix-root
                                                entering... postfix-suffix
BACKTO :(
BACKTO :(
MATCHED: OP_LPAREN to (
MATCHED: OP_RPAREN to )
                                                leaving... postfix-suffix
                                              leaving... postfix-expression
                                            leaving... unary-expression
                                          leaving... cast-expression
BACKTO :;
                                        leaving... pm-expression
BACKTO :;
                                      leaving... multiplicative-expression
BACKTO :;
                                    leaving... additive-expression
BACKTO :;
                                  leaving... shift-expression
BACKTO :;
                                leaving... relational-expression
BACKTO :;
                              leaving... equality-expression
BACKTO :;
                            leaving... and-expression
BACKTO :;
                          leaving... exclusive-or-expression
BACKTO :;
                        leaving... inclusive-or-expression
BACKTO :;
                      leaving... logical-and-expression
BACKTO :;
                    leaving... logical-or-expression
BACKTO :f1
BACKTO :f1
                    entering... conditional-expression
                      entering... logical-or-expression
                        entering... logical-and-expression
                          entering... inclusive-or-expression
                            entering... exclusive-or-expression
                              entering... and-expression
                                entering... equality-expression
                                  entering... relational-expression
                                    entering... shift-expression
                                      entering... additive-expression
                                        entering... multiplicative-expression
                                          entering... pm-expression
                                            entering... cast-expression
BACKTO :f1
                                              entering... unary-expression
BACKTO :f1
BACKTO :f1
BACKTO :f1
BACKTO :f1
BACKTO :f1
BACKTO :f1
BACKTO :f1
BACKTO :f1
                                                entering... postfix-expression
                                                  entering... postfix-root
BACKTO :f1
BACKTO :f1
BACKTO :f1
BACKTO :f1
BACKTO :f1
BACKTO :f1
BACKTO :f1
BACKTO :f1
BACKTO :f1
BACKTO :f1
                                                    entering... primary-expression
BACKTO :f1
BACKTO :f1
                                                      entering... id-expression
BACKTO :f1
                                                        entering... unqualified-id
BACKTO :f1
BACKTO :f1
BACKTO :f1
BACKTO :f1
BACKTO :f1
BACKTO :f1
MATCHED: PT_TT_IDENTIFIER to f1
                                                        leaving... unqualified-id
                                                      leaving... id-expression
                                                    leaving... primary-expression
                                                  leaving... postfix-root
                                                  entering... postfix-suffix
BACKTO :(
BACKTO :(
MATCHED: OP_LPAREN to (
MATCHED: OP_RPAREN to )
                                                  leaving... postfix-suffix
                                                leaving... postfix-expression
                                              leaving... unary-expression
                                            leaving... cast-expression
BACKTO :;
                                          leaving... pm-expression
BACKTO :;
                                        leaving... multiplicative-expression
BACKTO :;
                                      leaving... additive-expression
BACKTO :;
                                    leaving... shift-expression
BACKTO :;
                                  leaving... relational-expression
BACKTO :;
                                leaving... equality-expression
BACKTO :;
                              leaving... and-expression
BACKTO :;
                            leaving... exclusive-or-expression
BACKTO :;
                          leaving... inclusive-or-expression
BACKTO :;
                        leaving... logical-and-expression
BACKTO :;
                      leaving... logical-or-expression
                    leaving... conditional-expression
                  leaving... assignment-expression
BACKTO :;
                leaving... expression
MATCHED: OP_SEMICOLON to ;
              leaving... expression-statement
            leaving... statement
            entering... statement
BACKTO :l1
BACKTO :l1
BACKTO :l1
BACKTO :l1
BACKTO :l1
              entering... expression-statement
                entering... expression
                  entering... assignment-expression
                    entering... logical-or-expression
                      entering... logical-and-expression
                        entering... inclusive-or-expression
                          entering... exclusive-or-expression
                            entering... and-expression
                              entering... equality-expression
                                entering... relational-expression
                                  entering... shift-expression
                                    entering... additive-expression
                                      entering... multiplicative-expression
                                        entering... pm-expression
                                          entering... cast-expression
BACKTO :l1
                                            entering... unary-expression
BACKTO :l1
BACKTO :l1
BACKTO :l1
BACKTO :l1
BACKTO :l1
BACKTO :l1
BACKTO :l1
BACKTO :l1
                                              entering... postfix-expression
                                                entering... postfix-root
BACKTO :l1
BACKTO :l1
BACKTO :l1
BACKTO :l1
BACKTO :l1
BACKTO :l1
BACKTO :l1
BACKTO :l1
BACKTO :l1
BACKTO :l1
                                                  entering... primary-expression
BACKTO :l1
BACKTO :l1
                                                    entering... id-expression
BACKTO :l1
                                                      entering... unqualified-id
BACKTO :l1
BACKTO :l1
BACKTO :l1
BACKTO :l1
BACKTO :l1
BACKTO :l1
MATCHED: PT_TT_IDENTIFIER to l1
                                                      leaving... unqualified-id
                                                    leaving... id-expression
                                                  leaving... primary-expression
                                                leaving... postfix-root
                                              leaving... postfix-expression
                                            leaving... unary-expression
                                          leaving... cast-expression
BACKTO ::
                                        leaving... pm-expression
BACKTO ::
                                      leaving... multiplicative-expression
BACKTO ::
                                    leaving... additive-expression
BACKTO ::
                                  leaving... shift-expression
BACKTO ::
                                leaving... relational-expression
BACKTO ::
                              leaving... equality-expression
BACKTO ::
                            leaving... and-expression
BACKTO ::
                          leaving... exclusive-or-expression
BACKTO ::
                        leaving... inclusive-or-expression
BACKTO ::
                      leaving... logical-and-expression
BACKTO ::
                    leaving... logical-or-expression
BACKTO :l1
BACKTO :l1
                    entering... conditional-expression
                      entering... logical-or-expression
                        entering... logical-and-expression
                          entering... inclusive-or-expression
                            entering... exclusive-or-expression
                              entering... and-expression
                                entering... equality-expression
                                  entering... relational-expression
                                    entering... shift-expression
                                      entering... additive-expression
                                        entering... multiplicative-expression
                                          entering... pm-expression
                                            entering... cast-expression
BACKTO :l1
                                              entering... unary-expression
BACKTO :l1
BACKTO :l1
BACKTO :l1
BACKTO :l1
BACKTO :l1
BACKTO :l1
BACKTO :l1
BACKTO :l1
                                                entering... postfix-expression
                                                  entering... postfix-root
BACKTO :l1
BACKTO :l1
BACKTO :l1
BACKTO :l1
BACKTO :l1
BACKTO :l1
BACKTO :l1
BACKTO :l1
BACKTO :l1
BACKTO :l1
                                                    entering... primary-expression
BACKTO :l1
BACKTO :l1
                                                      entering... id-expression
BACKTO :l1
                                                        entering... unqualified-id
BACKTO :l1
BACKTO :l1
BACKTO :l1
BACKTO :l1
BACKTO :l1
BACKTO :l1
MATCHED: PT_TT_IDENTIFIER to l1
                                                        leaving... unqualified-id
                                                      leaving... id-expression
                                                    leaving... primary-expression
                                                  leaving... postfix-root
                                                leaving... postfix-expression
                                              leaving... unary-expression
                                            leaving... cast-expression
BACKTO ::
                                          leaving... pm-expression
BACKTO ::
                                        leaving... multiplicative-expression
BACKTO ::
                                      leaving... additive-expression
BACKTO ::
                                    leaving... shift-expression
BACKTO ::
                                  leaving... relational-expression
BACKTO ::
                                leaving... equality-expression
BACKTO ::
                              leaving... and-expression
BACKTO ::
                            leaving... exclusive-or-expression
BACKTO ::
                          leaving... inclusive-or-expression
BACKTO ::
                        leaving... logical-and-expression
BACKTO ::
                      leaving... logical-or-expression
                    leaving... conditional-expression
                  leaving... assignment-expression
BACKTO ::
                leaving... expression
BACKTO :l1
              leaving... expression-statement
BACKTO :l1
BACKTO :l1
              entering... labeled-statement
BACKTO :l1
BACKTO :l1
MATCHED: PT_TT_IDENTIFIER to l1
MATCHED: OP_COLON to :
                entering... statement
BACKTO :f2
BACKTO :f2
BACKTO :f2
BACKTO :f2
BACKTO :f2
                  entering... expression-statement
                    entering... expression
                      entering... assignment-expression
                        entering... logical-or-expression
                          entering... logical-and-expression
                            entering... inclusive-or-expression
                              entering... exclusive-or-expression
                                entering... and-expression
                                  entering... equality-expression
                                    entering... relational-expression
                                      entering... shift-expression
                                        entering... additive-expression
                                          entering... multiplicative-expression
                                            entering... pm-expression
                                              entering... cast-expression
BACKTO :f2
                                                entering... unary-expression
BACKTO :f2
BACKTO :f2
BACKTO :f2
BACKTO :f2
BACKTO :f2
BACKTO :f2
BACKTO :f2
BACKTO :f2
                                                  entering... postfix-expression
                                                    entering... postfix-root
BACKTO :f2
BACKTO :f2
BACKTO :f2
BACKTO :f2
BACKTO :f2
BACKTO :f2
BACKTO :f2
BACKTO :f2
BACKTO :f2
BACKTO :f2
                                                      entering... primary-expression
BACKTO :f2
BACKTO :f2
                                                        entering... id-expression
BACKTO :f2
                                                          entering... unqualified-id
BACKTO :f2
BACKTO :f2
BACKTO :f2
BACKTO :f2
BACKTO :f2
BACKTO :f2
MATCHED: PT_TT_IDENTIFIER to f2
                                                          leaving... unqualified-id
                                                        leaving... id-expression
                                                      leaving... primary-expression
                                                    leaving... postfix-root
                                                    entering... postfix-suffix
BACKTO :(
BACKTO :(
MATCHED: OP_LPAREN to (
MATCHED: OP_RPAREN to )
                                                    leaving... postfix-suffix
                                                  leaving... postfix-expression
                                                leaving... unary-expression
                                              leaving... cast-expression
BACKTO :;
                                            leaving... pm-expression
BACKTO :;
                                          leaving... multiplicative-expression
BACKTO :;
                                        leaving... additive-expression
BACKTO :;
                                      leaving... shift-expression
BACKTO :;
                                    leaving... relational-expression
BACKTO :;
                                  leaving... equality-expression
BACKTO :;
                                leaving... and-expression
BACKTO :;
                              leaving... exclusive-or-expression
BACKTO :;
                            leaving... inclusive-or-expression
BACKTO :;
                          leaving... logical-and-expression
BACKTO :;
                        leaving... logical-or-expression
BACKTO :f2
BACKTO :f2
                        entering... conditional-expression
                          entering... logical-or-expression
                            entering... logical-and-expression
                              entering... inclusive-or-expression
                                entering... exclusive-or-expression
                                  entering... and-expression
                                    entering... equality-expression
                                      entering... relational-expression
                                        entering... shift-expression
                                          entering... additive-expression
                                            entering... multiplicative-expression
                                              entering... pm-expression
                                                entering... cast-expression
BACKTO :f2
                                                  entering... unary-expression
BACKTO :f2
BACKTO :f2
BACKTO :f2
BACKTO :f2
BACKTO :f2
BACKTO :f2
BACKTO :f2
BACKTO :f2
                                                    entering... postfix-expression
                                                      entering... postfix-root
BACKTO :f2
BACKTO :f2
BACKTO :f2
BACKTO :f2
BACKTO :f2
BACKTO :f2
BACKTO :f2
BACKTO :f2
BACKTO :f2
BACKTO :f2
                                                        entering... primary-expression
BACKTO :f2
BACKTO :f2
                                                          entering... id-expression
BACKTO :f2
                                                            entering... unqualified-id
BACKTO :f2
BACKTO :f2
BACKTO :f2
BACKTO :f2
BACKTO :f2
BACKTO :f2
MATCHED: PT_TT_IDENTIFIER to f2
                                                            leaving... unqualified-id
                                                          leaving... id-expression
                                                        leaving... primary-expression
                                                      leaving... postfix-root
                                                      entering... postfix-suffix
BACKTO :(
BACKTO :(
MATCHED: OP_LPAREN to (
MATCHED: OP_RPAREN to )
                                                      leaving... postfix-suffix
                                                    leaving... postfix-expression
                                                  leaving... unary-expression
                                                leaving... cast-expression
BACKTO :;
                                              leaving... pm-expression
BACKTO :;
                                            leaving... multiplicative-expression
BACKTO :;
                                          leaving... additive-expression
BACKTO :;
                                        leaving... shift-expression
BACKTO :;
                                      leaving... relational-expression
BACKTO :;
                                    leaving... equality-expression
BACKTO :;
                                  leaving... and-expression
BACKTO :;
                                leaving... exclusive-or-expression
BACKTO :;
                              leaving... inclusive-or-expression
BACKTO :;
                            leaving... logical-and-expression
BACKTO :;
                          leaving... logical-or-expression
                        leaving... conditional-expression
                      leaving... assignment-expression
BACKTO :;
                    leaving... expression
MATCHED: OP_SEMICOLON to ;
                  leaving... expression-statement
                leaving... statement
              leaving... labeled-statement
            leaving... statement
            entering... statement
BACKTO :f3
BACKTO :f3
BACKTO :f3
BACKTO :f3
BACKTO :f3
              entering... expression-statement
                entering... expression
                  entering... assignment-expression
                    entering... logical-or-expression
                      entering... logical-and-expression
                        entering... inclusive-or-expression
                          entering... exclusive-or-expression
                            entering... and-expression
                              entering... equality-expression
                                entering... relational-expression
                                  entering... shift-expression
                                    entering... additive-expression
                                      entering... multiplicative-expression
                                        entering... pm-expression
                                          entering... cast-expression
BACKTO :f3
                                            entering... unary-expression
BACKTO :f3
BACKTO :f3
BACKTO :f3
BACKTO :f3
BACKTO :f3
BACKTO :f3
BACKTO :f3
BACKTO :f3
                                              entering... postfix-expression
                                                entering... postfix-root
BACKTO :f3
BACKTO :f3
BACKTO :f3
BACKTO :f3
BACKTO :f3
BACKTO :f3
BACKTO :f3
BACKTO :f3
BACKTO :f3
BACKTO :f3
                                                  entering... primary-expression
BACKTO :f3
BACKTO :f3
                                                    entering... id-expression
BACKTO :f3
                                                      entering... unqualified-id
BACKTO :f3
BACKTO :f3
BACKTO :f3
BACKTO :f3
BACKTO :f3
BACKTO :f3
MATCHED: PT_TT_IDENTIFIER to f3
                                                      leaving... unqualified-id
                                                    leaving... id-expression
                                                  leaving... primary-expression
                                                leaving... postfix-root
                                                entering... postfix-suffix
BACKTO :(
BACKTO :(
MATCHED: OP_LPAREN to (
MATCHED: OP_RPAREN to )
                                                leaving... postfix-suffix
                                              leaving... postfix-expression
                                            leaving... unary-expression
                                          leaving... cast-expression
BACKTO :;
                                        leaving... pm-expression
BACKTO :;
                                      leaving... multiplicative-expression
BACKTO :;
                                    leaving... additive-expression
BACKTO :;
                                  leaving... shift-expression
BACKTO :;
                                leaving... relational-expression
BACKTO :;
                              leaving... equality-expression
BACKTO :;
                            leaving... and-expression
BACKTO :;
                          leaving... exclusive-or-expression
BACKTO :;
                        leaving... inclusive-or-expression
BACKTO :;
                      leaving... logical-and-expression
BACKTO :;
                    leaving... logical-or-expression
BACKTO :f3
BACKTO :f3
                    entering... conditional-expression
                      entering... logical-or-expression
                        entering... logical-and-expression
                          entering... inclusive-or-expression
                            entering... exclusive-or-expression
                              entering... and-expression
                                entering... equality-expression
                                  entering... relational-expression
                                    entering... shift-expression
                                      entering... additive-expression
                                        entering... multiplicative-expression
                                          entering... pm-expression
                                            entering... cast-expression
BACKTO :f3
                                              entering... unary-expression
BACKTO :f3
BACKTO :f3
BACKTO :f3
BACKTO :f3
BACKTO :f3
BACKTO :f3
BACKTO :f3
BACKTO :f3
                                                entering... postfix-expression
                                                  entering... postfix-root
BACKTO :f3
BACKTO :f3
BACKTO :f3
BACKTO :f3
BACKTO :f3
BACKTO :f3
BACKTO :f3
BACKTO :f3
BACKTO :f3
BACKTO :f3
                                                    entering... primary-expression
BACKTO :f3
BACKTO :f3
                                                      entering... id-expression
BACKTO :f3
                                                        entering... unqualified-id
BACKTO :f3
BACKTO :f3
BACKTO :f3
BACKTO :f3
BACKTO :f3
BACKTO :f3
MATCHED: PT_TT_IDENTIFIER to f3
                                                        leaving... unqualified-id
                                                      leaving... id-expression
                                                    leaving... primary-expression
                                                  leaving... postfix-root
                                                  entering... postfix-suffix
BACKTO :(
BACKTO :(
MATCHED: OP_LPAREN to (
MATCHED: OP_RPAREN to )
                                                  leaving... postfix-suffix
                                                leaving... postfix-expression
                                              leaving... unary-expression
                                            leaving... cast-expression
BACKTO :;
                                          leaving... pm-expression
BACKTO :;
                                        leaving... multiplicative-expression
BACKTO :;
                                      leaving... additive-expression
BACKTO :;
                                    leaving... shift-expression
BACKTO :;
                                  leaving... relational-expression
BACKTO :;
                                leaving... equality-expression
BACKTO :;
                              leaving... and-expression
BACKTO :;
                            leaving... exclusive-or-expression
BACKTO :;
                          leaving... inclusive-or-expression
BACKTO :;
                        leaving... logical-and-expression
BACKTO :;
                      leaving... logical-or-expression
                    leaving... conditional-expression
                  leaving... assignment-expression
BACKTO :;
                leaving... expression
MATCHED: OP_SEMICOLON to ;
              leaving... expression-statement
            leaving... statement
            entering... statement
BACKTO :goto
              entering... jump-statement
MATCHED: KW_GOTO to goto
MATCHED: PT_TT_IDENTIFIER to l1
MATCHED: OP_SEMICOLON to ;
              leaving... jump-statement
            leaving... statement
MATCHED: OP_RBRACE to }
          leaving... compound-statement
        leaving... function-body
      leaving... function-definition
    leaving... declaration
MATCHED: PT_ST_EOF to 
  leaving... translation-unit
