------ replace Text-alignas-(-int-)-;-[-[-foo-]-]-;-[-[-foo-(-bar-)-]-]-;-[-[-foo-(-bar-{-}-(-)-[-(-foo-)-]-)-]-]-;-
