------ replace Text-extern--"C"--void--foo-(-)-;-extern--"D"-{--void--bar-(-)-;--void--baz-(-)-;-}-;-
