------ replace Text-int--main-(-)-{--TC1-<--1->-2-->--x1-;--}-
