------ replace Text-int--main-(-)-{--TC1-<-(-1->-2-)->--x2-;---TC1-<-TC2-<-1->>--x3-;---TC1-<-TC2-<-(-6->>-1-)->>--x5-;--}-
