------ replace Text-int--main-(-)-{--C-(-a-)-->-m--=--7-;---C-(-a-)-++-;---C-(-a-,-5-)-<<-c-;---C-(-*-d-)-(-int-)-;---C-(-e-)-[-5-]-;---C-(-f-)--=--{--1-,--2--}-;---C-(-*-g-)-(-double-(-3-)-)-;---C-(-a-)-;---C-(-*-b-)-(-)-;---C-(-c-)-=-7-;---C-(-d-)-,--e-,--f-=-3-;---C-(-g-)-(-h-,-2-)-;--}-
