------ replace Text-int--main-(-)-{--C--w-(-int-(-a-)-)-;---C--x-(-int-(-)-)-;---C--y-(-(-int-)-a-)-;---C--z--=--int-(-a-)-;--}-
